// Jest Snapshot v1, https://goo.gl/fbAQLP

exports[`AlertLink renders 1`] = `
<IssueSyncListElementContainer>
  <Hovercard
    className="css-1nc0qe-hoverCardStyles"
    containerClassName="css-1s8b4pt-hoverCardContainer"
    displayTimeout={100}
  >
    <IntegrationIcon
      src="icon-github"
    />
    <IntegrationLink>
      Link GitHub Issue
    </IntegrationLink>
  </Hovercard>
</IssueSyncListElementContainer>
`;
