// Jest Snapshot v1, https://goo.gl/fbAQLP

exports[`OrganizationHealthErrors renders 1`] = `
<OrganizationHealthTransactions>
  <div>
    Transactions
  </div>
</OrganizationHealthTransactions>
`;
